// Jest Snapshot v1, https://goo.gl/fbAQLP

exports[`Prueba del componente Hijo Retorna el contenido html del hijo 1`] = `
<div>
  <h2>
    12
  </h2>
  <p>
    hola desde el hijo Richard
  </p>
  <h3>
    Soy un subTitulo
  </h3>
</div>
`;
