// Jest Snapshot v1, https://goo.gl/fbAQLP

exports[`Pruebas en  <Padre/> debe mostrar <Padre/> correctamente 1`] = `
<div>
  <Hijo
    numero={123}
    saludo="hola, Richard requerido!"
    subtitle="Soy un subTitulo"
  />
</div>
`;
