// Jest Snapshot v1, https://goo.gl/fbAQLP

exports[`Prueba del componente GifItem Retorna contenido del componente GifItem 1`] = `
<div
  className="card animate__animated animate__bounce animate__fadeIn"
>
  <img
    alt="titulo"
    src="#"
  />
  <h3>
    titulo
  </h3>
</div>
`;
