// Jest Snapshot v1, https://goo.gl/fbAQLP

exports[`Pruebas en el <ListCategories/> Debe mostrar el contenido de <ListCategories> 1`] = `""`;
